<html>
<body>
<pre>
<h1>µVision Build Log</h1>
<h2>Tool Versions:</h2>
IDE-Version: µVision V5.33.0.0
Copyright (C) 2020 ARM Ltd and ARM Germany GmbH. All rights reserved.
License Information: Amey Juvatkar, XYZ, LIC=----
 
Tool Versions:
Toolchain:       MDK-Lite  Version: 5.33.0.0
Toolchain Path:  C:\Keil_v5\ARM\ARMCLANG\Bin
C Compiler:      ArmClang.exe V6.15
Assembler:       Armasm.exe V6.15
Linker/Locator:  ArmLink.exe V6.15
Library Manager: ArmAr.exe V6.15
Hex Converter:   FromElf.exe V6.15
CPU DLL:         SARMCM3.DLL V5.33.0.0
Dialog DLL:      DCM.DLL V1.17.3.0
Target DLL:      STLink\ST-LINKIII-KEIL_SWO.dll V3.0.8.0
Dialog DLL:      TCM.DLL V1.48.0.0
 
<h2>Project:</h2>
C:\Users\Amey\Documents\RTOS\Spin-Lock_Semaphore\Spin_lock_semaphore.uvprojx
Project File Date:  01/24/2021

<h2>Output:</h2>
*** Using Compiler 'V6.15', folder: 'C:\Keil_v5\ARM\ARMCLANG\Bin'
Build target 'STM32F446'
Note: source file '.\osKernel.s' - object file renamed from '.\Objects\osKernel.o' to '.\Objects\oskernel_1.o'.
Note: source file '.\osKernel.s' - object file renamed from '.\Objects\osKernel.o' to '.\Objects\oskernel_1.o'.
main.c(1): warning: In file included from...
./osKernel.h(19): warning: no newline at end of file [-Wnewline-eof]
                                                                                                         
                                                                                                         ^
main.c(6): warning: no previous prototype for function 'Task0' [-Wmissing-prototypes]
void Task0(void)
     ^
main.c(6): note: declare 'static' if the function is not intended to be used outside of this translation unit
void Task0(void)
^
static 
main.c(7): warning: function 'Task0' could be declared with attribute 'noreturn' [-Wmissing-noreturn]
{
^
main.c(19): warning: passing 'uint32_t *' (aka 'unsigned int *') to parameter of type 'int32_t *' (aka 'int *') converts between pointers to integer types with different sign [-Wpointer-sign]
                        osSignalwait(&semaphore2);
                                     ^~~~~~~~~~~
./osKernel.h(15): note: passing argument to parameter 'semaphore' here
void osSignalwait(int32_t *semaphore);                                                                                           
                           ^
main.c(21): warning: passing 'uint32_t *' (aka 'unsigned int *') to parameter of type 'int32_t *' (aka 'int *') converts between pointers to integer types with different sign [-Wpointer-sign]
                        osSignalSet(&semaphore1);
                                    ^~~~~~~~~~~
./osKernel.h(14): note: passing argument to parameter 'semaphore' here
void osSignalSet(int32_t *semaphore);
                          ^
main.c(14): warning: no previous prototype for function 'Task1' [-Wmissing-prototypes]
void Task1(void)
     ^
main.c(14): note: declare 'static' if the function is not intended to be used outside of this translation unit
void Task1(void)
^
static 
main.c(15): warning: function 'Task1' could be declared with attribute 'noreturn' [-Wmissing-noreturn]
{
^
main.c(31): warning: passing 'uint32_t *' (aka 'unsigned int *') to parameter of type 'int32_t *' (aka 'int *') converts between pointers to integer types with different sign [-Wpointer-sign]
                osSignalwait(&semaphore1);
                             ^~~~~~~~~~~
./osKernel.h(15): note: passing argument to parameter 'semaphore' here
void osSignalwait(int32_t *semaphore);                                                                                           
                           ^
main.c(33): warning: passing 'uint32_t *' (aka 'unsigned int *') to parameter of type 'int32_t *' (aka 'int *') converts between pointers to integer types with different sign [-Wpointer-sign]
                osSignalSet(&semaphore2);
                            ^~~~~~~~~~~
./osKernel.h(14): note: passing argument to parameter 'semaphore' here
void osSignalSet(int32_t *semaphore);
                          ^
main.c(26): warning: no previous prototype for function 'Task2' [-Wmissing-prototypes]
void Task2(void)
     ^
main.c(26): note: declare 'static' if the function is not intended to be used outside of this translation unit
void Task2(void)
^
static 
main.c(27): warning: function 'Task2' could be declared with attribute 'noreturn' [-Wmissing-noreturn]
{
^
main.c(38): warning: passing 'uint32_t *' (aka 'unsigned int *') to parameter of type 'int32_t *' (aka 'int *') converts between pointers to integer types with different sign [-Wpointer-sign]
        osSemaphoreInit(&semaphore1,1);
                        ^~~~~~~~~~~
./osKernel.h(13): note: passing argument to parameter 'semaphore' here
void osSemaphoreInit(int32_t *semaphore,int32_t value);
                              ^
main.c(39): warning: passing 'uint32_t *' (aka 'unsigned int *') to parameter of type 'int32_t *' (aka 'int *') converts between pointers to integer types with different sign [-Wpointer-sign]
        osSemaphoreInit(&semaphore2,1);
                        ^~~~~~~~~~~
./osKernel.h(13): note: passing argument to parameter 'semaphore' here
void osSemaphoreInit(int32_t *semaphore,int32_t value);
                              ^
main.c(3): warning: no previous extern declaration for non-static variable 'count0' [-Wmissing-variable-declarations]
volatile uint32_t count0,count1,count2;
                  ^
main.c(3): note: declare 'static' if the variable is not intended to be used outside of this translation unit
volatile uint32_t count0,count1,count2;
         ^
main.c(3): warning: no previous extern declaration for non-static variable 'count1' [-Wmissing-variable-declarations]
volatile uint32_t count0,count1,count2;
                         ^
main.c(3): note: declare 'static' if the variable is not intended to be used outside of this translation unit
volatile uint32_t count0,count1,count2;
         ^
main.c(3): warning: no previous extern declaration for non-static variable 'count2' [-Wmissing-variable-declarations]
volatile uint32_t count0,count1,count2;
                                ^
main.c(3): note: declare 'static' if the variable is not intended to be used outside of this translation unit
volatile uint32_t count0,count1,count2;
         ^
main.c(4): warning: no previous extern declaration for non-static variable 'semaphore1' [-Wmissing-variable-declarations]
uint32_t semaphore1,semaphore2;
         ^
main.c(4): note: declare 'static' if the variable is not intended to be used outside of this translation unit
uint32_t semaphore1,semaphore2;
^
main.c(4): warning: no previous extern declaration for non-static variable 'semaphore2' [-Wmissing-variable-declarations]
uint32_t semaphore1,semaphore2;
                    ^
main.c(4): note: declare 'static' if the variable is not intended to be used outside of this translation unit
uint32_t semaphore1,semaphore2;
^
main.c(5): warning: no previous extern declaration for non-static variable 'shared_variable' [-Wmissing-variable-declarations]
volatile uint32_t shared_variable; 
                  ^
main.c(5): note: declare 'static' if the variable is not intended to be used outside of this translation unit
volatile uint32_t shared_variable; 
         ^
19 warnings generated.
compiling main.c...
linking...
Program Size: Code=1052 RO-data=468 RW-data=0 ZI-data=2888  
".\Objects\Spin_lock_semaphore.axf" - 0 Error(s), 19 Warning(s).

<h2>Software Packages used:</h2>

Package Vendor: ARM
                http://www.keil.com/pack/ARM.CMSIS.5.7.0.pack
                ARM.CMSIS.5.7.0
                CMSIS (Cortex Microcontroller Software Interface Standard)
   * Component: CORE Version: 5.4.0

Package Vendor: Keil
                http://www.keil.com/pack/Keil.STM32F4xx_DFP.2.15.0.pack
                Keil.STM32F4xx_DFP.2.15.0
                STMicroelectronics STM32F4 Series Device Support, Drivers and Examples
   * Component: Startup Version: 2.6.3

<h2>Collection of Component include folders:</h2>
  .\RTE\_STM32F446
  C:\Users\Amey\AppData\Local\Arm\Packs\ARM\CMSIS\5.7.0\CMSIS\Core\Include
  C:\Users\Amey\AppData\Local\Arm\Packs\Keil\STM32F4xx_DFP\2.15.0\Drivers\CMSIS\Device\ST\STM32F4xx\Include

<h2>Collection of Component Files used:</h2>

   * Component: ARM::CMSIS:CORE:5.4.0

   * Component: Keil::Device:Startup:2.6.3
      Source file:   MDK\Device\Source\ARM\STM32F446xx_OPT.s
      Source file:   Drivers\CMSIS\Device\ST\STM32F4xx\Source\Templates\arm\startup_stm32f446xx.s
      Include file:  Drivers\CMSIS\Device\ST\STM32F4xx\Include\stm32f4xx.h
      Source file:   MDK\Device\Source\ARM\STM32F4xx_OTP.s
      Source file:   Drivers\CMSIS\Device\ST\STM32F4xx\Source\Templates\system_stm32f4xx.c
Build Time Elapsed:  00:00:01
</pre>
</body>
</html>
